should add tls configuration:
  1: |
    apiVersion: networking.k8s.io/v1
    kind: Ingress
    metadata:
      labels:
        app.kubernetes.io/instance: RELEASE-NAME
        app.kubernetes.io/managed-by: Helm
        app.kubernetes.io/name: casdoor
        app.kubernetes.io/version: v1.976.0
        helm.sh/chart: casdoor-helm-charts-v1.976.0
      name: RELEASE-NAME-casdoor
    spec:
      rules:
        - host: chart-example.local
          http:
            paths:
              - backend:
                  service:
                    name: RELEASE-NAME-casdoor
                    port:
                      number: 8000
                path: /
                pathType: ImplementationSpecific
      tls:
        - hosts:
            - casdoor.example.com
          secretName: casdoor-tls
should render with default values when enabled:
  1: |
    apiVersion: networking.k8s.io/v1
    kind: Ingress
    metadata:
      labels:
        app.kubernetes.io/instance: RELEASE-NAME
        app.kubernetes.io/managed-by: Helm
        app.kubernetes.io/name: casdoor
        app.kubernetes.io/version: v1.976.0
        helm.sh/chart: casdoor-helm-charts-v1.976.0
      name: RELEASE-NAME-casdoor
    spec:
      rules:
        - host: chart-example.local
          http:
            paths:
              - backend:
                  service:
                    name: RELEASE-NAME-casdoor
                    port:
                      number: 8000
                path: /
                pathType: ImplementationSpecific
should set custom host and path:
  1: |
    apiVersion: networking.k8s.io/v1
    kind: Ingress
    metadata:
      labels:
        app.kubernetes.io/instance: RELEASE-NAME
        app.kubernetes.io/managed-by: Helm
        app.kubernetes.io/name: casdoor
        app.kubernetes.io/version: v1.976.0
        helm.sh/chart: casdoor-helm-charts-v1.976.0
      name: RELEASE-NAME-casdoor
    spec:
      rules:
        - host: casdoor.example.com
          http:
            paths:
              - backend:
                  service:
                    name: RELEASE-NAME-casdoor
                    port:
                      number: 8000
                path: /casdoor
                pathType: Prefix
should set ingress className:
  1: |
    apiVersion: networking.k8s.io/v1
    kind: Ingress
    metadata:
      labels:
        app.kubernetes.io/instance: RELEASE-NAME
        app.kubernetes.io/managed-by: Helm
        app.kubernetes.io/name: casdoor
        app.kubernetes.io/version: v1.976.0
        helm.sh/chart: casdoor-helm-charts-v1.976.0
      name: RELEASE-NAME-casdoor
    spec:
      ingressClassName: nginx
      rules:
        - host: chart-example.local
          http:
            paths:
              - backend:
                  service:
                    name: RELEASE-NAME-casdoor
                    port:
                      number: 8000
                path: /
                pathType: ImplementationSpecific
